---
source: core/lib/merkle_tree2/tests/integration/domain.rs
assertion_line: 427
expression: witnesses.last().unwrap()
---
root_hash: 9dfbdaad554b5816807c1e1c051c3ad8e40b4f4d7695bdcc9c534a26c4e584c9
is_write: true
first_write: true
merkle_paths:
  - 94bb15542026f4f607416f019dffe21bb39bbb32cc92085ab615660a6b5fbef4
  - 7952661ab5d63534c5ea72f81887d8dd6bf514b14c8e9fb714b6feb02efb96a0
  - 3d75808db532e9685bcc7969ad0f5f0872086b24e02b28cdc7df6e3cc1bd2371
  - 29463426092df4c7af14bff4977d825e35d93d5b2c7555997ae0bc5da503b1b3
  - 55bdf8e79ad5207ea317d92c4009cea29fe9bb66e0d6cfd5b50cfe202bb7c17b
  - 7b269aa0a2836697c2a36aa7e91d61a4e8f3eec4fddda4f0e28f2c00d895f2d9
  - e7d36ccea1ac417362907ff9752ae7beaf3380bc77c554f4c0189915c6e2f156
  - d2d9e3c2060d41b9ef514403cbdf1ed473acf7d6b10518ab0ae119ac3813ad64
  - 769e4e5aa4e1968762b761d7213bc1ec97486a83b6d9d10a821dbed37e619ab1
  - 01081746734e83cb0afcc9e884dc71e2dc893b74190ae67233b10a333818aaba
  - dcc6d61671642128e20c498ad0ea7e5f02178699a2a3fa4b6d341f78ec1b6f27
  - 90aa631a0a952345a6c37faf9f9615bcb79bf3c3e482fb90e7e2943682e95cd6
  - 351c803e4a5f9ccdb38e88c63a7f1e6d419d7784da4da58a4ddbba22bb947b88
  - 6ff95284d7a2af72fa9bfaf68175bfc726d44d6de42cd55e0956cd3c5a54e789
  - 3305aeb5575f473f2bc6561a8a2aa6699de7a9bc0dd1db31843577ede186d025
  - b52a7e7f9609d0f7d208055602c4ccca8436034dcabe8f2dff33148f3beb170e
  - 3b21dff05c1fd42478a06e331e850399ab3bcac1ca96f778b11e4f9195c5f3eb
  - 5ff91c6907e8ec45ac5dcbc8614d6bd6bc4e87b9612615e4a11492260ace6861
  - f3ca9084d4a47253a68d42ea65f1ff30e14dd9cde00196702f72812934a9c807
  - 5371c89c3ba241f45231cbbb2fd462b0db55f8c6385c795a538f704f5b25a8d0
  - 070e2ea800ceefac5daa980cb1250c7869deb40128d5d009a7ad762b9598f162
  - 5952f729ded9dee4a4ef3c5d9598e2ad950293d8061fa1e53adcf4117c09f9c9
  - 15fe4d78d71575df893b49acc33d9113557af357fe3888749b0a210fcf8761ec
  - 3d07e28efe5e4e7a7e2f3c557f280f5b9ba24f584fee580357611b9f9365cbe5
  - 890017f43434b2a4b995a376e455eb4d6692bc1a9a9bd995f011fdc864dc0ac1
  - 2bb086a86d75b83950f62dcbd2be938574b7c7721284009e5a481a0085493d46
  - f486448dfd67d7b5ff80d2ee7df1d05eb6845f4b1bd7e59a2950b048740380ce
  - 93d401e5c105a345c1090360796ffedc81377468ded6e3b8c5d0f6e0bc9bd232
  - bd59a52d343e78ea0917b3666f048c251c567d4757a7ed6920aee1a0494f34d4
  - b410a350abfe2bff5cfe602dfd4f62f5c178f6fd7905a48a5d57016e748464d2
  - 9bf2f7c5ff739af9dcb04ff3f4ddb2daaa2ded109fc37224abbf097e79db883a
  - 2b2b011623060371c1287ac5d0b972ea0acc3e0625479c62f58b1dae9a4e4f0e
  - 16fddc72c53f0168b0bc75315f71955b5a616dd9e976dc1d70857ef851bcf87f
  - 4f6ddfa4e7a78272d476c78a8e20d75e67b34817fea9699e157a4327999aeabd
  - 8a48da19397975fa48f382dadf0db0543f8a1429890791f8edf9d85701cc090c
  - efcc3ad578210006391a5bdcc14416df8c665ef18a34a6fbee768c81366170e2
  - dfc2706b3b0046eb44b04dd01f9c68396c69566bd878ef15fa1602af6d0c3271
  - e575e6bcc863d5a637946f9499aa671c1a026553ff44eaeb6bce593ad7be9509
  - fb885db102e10d3c885c8b9ec215c1d3f54414aba4a3725387bd27ca4a3b5788
  - 307bad1feb84aacf221f357bd44fd8424dcd9ad91be7b7c75c2c2688dd09a2dc
  - 26faa4b413c6184fe577e5c181cc658ab8a6b794497220eb9e870a53cf9c8616
  - 97dac09f6227af3c8fa4b84c8ac7f4ca78d0e5a5acd81fa5419263a0b770e7b0
  - ed615f12b68ea966366a3d9cfaae12560ba721dde64ef42db4e3c28eebe9e7dc
  - 46fb536a51cb284ce7220e10c61fb7a9581dce2cf33678082b7ccffeb078e86f
  - 65be4a061edada9664ed7eabcbb82306dd1dc4d257215dee2cff096683d7ee31
  - 553c120a031f25e775c510e9204b85b2d744ac64f6890c0e372f98ae68111b5d
  - 913523e30ee062c2f014307dbb77442447cdc6384556ce5385ce30ae99fe3f1d
  - 5968fcade071909e6b28fe49443318733f443cfc997908d18cad658f51d563aa
  - 0063d4b6834eb27132e3db7dbca5271a1c1be3ec0278e1476238f9567bd2c923
  - 27bff7a116ef02256b937f0d6e189954fcda55ebdbd0311add6710f24587acef
  - 3d030a55a63d3686af9d9206fc11e989bb754d091e31def3b766a99926d7cc0f
  - bcac725d366e063158fec8b765ef34dbfe4661a16a024d068b7e8b8c69c969e2
  - 667b4cc062dbb7ea73ce2d3765852659ba0d9e50feae1c8f0e03d90c63343fcc
  - 7d7b6e62b251d75925ae34a3064b6619b1e92bc0d1b08a578bbb69841f101bd0
  - 62402e1ce7d21d56d7ab8acca37aef7210e13b48f7ee4e418d4b738a3ea7ed22
  - 83ff1784605dce2361c0feb2bd4e19825cf31f381832b10d19aff4b7a505a137
  - a1791b1f9a05aebc8712ca3318786e23245322f1a7a9c6a8a19c456b0d5065d6
  - 751b8b069eaa1f8fec4ff9e0f88b85de603f9412e043446d9a36cf5bfccfa386
  - 8a06e0ee48a723bcc78357aeb142fbd67253990fff5285233dfa1a9596a2a1af
  - 52f8a45813f1cbfa0f1d666813acc882dfa8bdd659ed3921504d3832c55235c2
  - f377ceca19baadcbb37e12850efab50729c0a4398aaa904c36606f8de7475ab6
  - 511e6d6a77e31301e6612b256f21e2e6260d825a75795a537b71500966d929db
  - be3ffa66a40a99ac70a97f9548e8dd728d30e7c8dff5fc914408324343e0f08d
  - 607319f7dd524f9f0a2be78b462620c8760962b79f957e2218ad41725ee89583
  - 58fda4e0001cbc69d76f7607af089bef317f4bfa318f283bb11e9b345e1bdfc9
  - 6c98a54803f13fd7476030a83df64f2c1d4bf7b755219ffb738b58cce3061bda
  - 403c1833bcfc771436f27308f2513b2c06c42209f263b5c1c2cb25e050173aea
  - 5fa220b7bb9dfc2d0fa7f744c2b4b71e8f1133350ddfc2c7fa0c39a2534caba4
  - ac896816663c28007c11f8dec98e39861f9cfd40061292e311ed89aae4426db0
  - c76d7cdea8ad8572209136bc24ee3f2b3c704e179faefc961e2a2c66b0976771
  - 5782ce904f9bbf33717f9911a788f29dd82643c16e92cd1b301112b9d2d8c341
  - 849a22938ab76a28353d6ff6682777b19b345f48f292868015f4484f1ece8bfc
  - ea4416c46e8e978e4d24bf68f1bbc36a7c6a24e937d67128061ecdd0efc01320
  - abda90ce54b015a1919b04fc7385313a93d650e01abc97d4ea2939a4a8abf357
  - 458b081dc3dcffd435d8880848adad8f0f2ac329ad64215763e0a3086228db5a
  - 7b45ad842b671d75792baf30a75e45bc97f9b6dc37f86d1e6b30c0902d1bd24e
  - fe02e60c0135882add8584bef8b28564cceb75a3c7602dd00fcd95d73e26d487
  - 2e40946b9ba6a5cdbeb090bbdd67917de698da5551ccf5d9fbe3a17abe14368b
  - ba45e0f142fa48a7ab346c2dc38450a03b0e8e606f1032218b368e4466c6cda7
  - b2b4f4707aa7b1518159e7928ae8ee061e200a31eda791a6dedce41745a4ac78
  - 94ae11cc3b8f36815124a4b0a5e7334fbcb9fce317bb1390e421334bd6cf6fd9
  - 9ebbff604be1d295ff131fc099d9dcc073d050fa52c8d5e48f76df65d2645281
  - 5e4a188a19954a007601c5864cba12194e52e1e6fb099068d4ef70e94c5d34a6
  - bc3f4808d7fbfcc52be674774332cddcbfc478d038fecc181566a051e636e9a0
  - 5ae26f7f062461e4ad9150ba7090b06ccf15e88f780d880900909c0e6651ef0c
  - 1ae48f07b56715ca2f319da11bb21e386a58350a725db6ff1a6a0632246130ae
  - a32add3446a75a8aaa1407817fc03fce86dcbb2488ccc52fd1187be7235e480c
  - 66bda0fdd030f223d61b3fe7b17edafcfb0a4b866aa65272eedc3939dfbc4df2
  - d13c036805f47f6d024e6864983ea60b99ad6a06ea66b347d87d164c3099456b
  - e87e8e29e310a425b5ee5d75bd0e85fae12987660bbcdb36420831aa877a0240
  - 369913efa08788a5b6e658878ba7f4c435f2d74a24d4575616d8f398c4279d30
  - c1fc63a024a455c3b92631e1e2be341a1671c1c69f57f746397002f8e8fd7844
  - 6c245e27871a203f13f4dfa0965350aaa954ad29085223d481f077d0b54cfb25
  - b5a4e34bdf9f72712ca3f129a728dd026268647f96806263768d9c327fde0edf
  - 1155662f3ba0306ca84578c4d5f0e033e2f32dec05fdf3260dcc5392feee0aef
  - 5cee98caad5c7c7b2944d8e6eb191d5be6e58ea21484ec484dd9e60322e60e19
  - 727ba92c1966ab8d657ef2cdc02ae30e95fccc8877d529b49c308de9d2f2da62
  - 88b03a75bde9d0116ef5451bfc3a39695856b188ddfefa0e4eafb3ee554a269b
  - 37e159bb27c8ba678da8a85626c732e666c067e515149afd90954b600a5cac4f
  - 3046f54f449775c20052e9a9ac10c9ceb6913a0e19a887d02c423bf30a1ade45
  - 2e08022b2967de107f9a1bc230904ced7ab67554257bce6e9ea479a99b0c4e95
  - db4883208ab757afe85f3fb2297cb7305c3d01bcaaccf8d956b8139411244c18
  - 2a39fae44e6a832a8fc09ce44c99a6fbcc4189e018e54771d3b230142a915268
  - 662ead16353a65f7cafb0363528e7f9776d83628a23ad1559ea8cbeeffee562e
  - 34166debf87062b5154a9ec9332f52062c2adf3864d482134c8c6a9818170f7c
  - e44b29e69468bc5f7589c2c2ecf56db5aaefaa38ade46a180c5b99a0515fd86c
  - 22385e3ecaf622f2f812d9f096ad752185ee8b8c54f25b4263fa783688817592
  - ec5ee649cb1f99c3cbd2b11ad341b9c0ebb41f26c9046e9fbfc53e890500d54d
  - 37a16cf3dd5c6e3d89c541c617a0d0f77d687ccfab1b76b5104ed8f531242b15
  - d7f3ad3ff135f3d8411498a0b3755e03af7b60469b76b35eec9b480cf0127c3e
  - 10d6d96785d486e4d96761778700177536372e04a32e1b707eb3e644698c5849
  - f80ea428d7e07005a3f297625ae8a14653f9afd1be5d7275400cfa8d1b67abf5
  - a9383b95636efd30b1f6ff709eea46efe10a76d3e3b3ea5dcc9aced69fb67827
  - 828d31fab8708ebe604d60aaad6e8befbf8f7233fabe2af7001ba80851474486
  - fae85a1cdd55662e0cf9c12e19c874b932e1dbd4e334e8b98ca44a7920a3ba29
  - c3bf7e2d44787cb559519141a4a1df6000be4018856188bd606ab5b12e4b0c18
  - e4919631d0f624b9cd70f43f201eb6c7a8a3629e03df57265bae1f7cc07abd38
  - b6af8e47dcff8068508cba35fd2a67be41537c4b800a438ebc7c329dd44b7d7d
  - 563627ce3e3d74e5d12beca851b89a6a57b488c89fdd5b6c803de3d07256c091
  - 05bb69c64a48298baff04b70f19898ead2a9a22d08d8a37790b0b3e30e726319
  - 36d70ddbce6a61dedfe197d77c291be0a8cdfbb849943d6fe9e0187fbca0baeb
  - e17b321345876464ca81d19236912ab467e0bc6671391bc88323fb3edf5ea1bd
  - 141d36918359d4a3b785e241ef98807dbd984e00dad24f2781dc87a79ae0171b
  - ad842069a2226ac8a4af5fe449bbda223449199d979441a0353ae4a04feb3d52
  - 73cc944dbb843eee36b0cbdb25b268b9940390112d6c5867b12a14fb55cfd38b
  - db20ab3ad2ae2245b1859768404c69140969271808da30e399510d30a68209a6
  - 898e46d51e2cd328c3fdd68ab59b3d1251496c151596973056245caf2394a2dc
  - c2b50393323af4cc3fdba0be867f76d500e77eccd44c9af7d50fd53a51256f37
  - 44feae9f59306da5f3415743c1fa74177ec087a83bf7d9e27e357a5c5101d800
  - 99c73ac1b891357d930d40541aad7c32ee01e7506c25a659a2f6eb1091b15393
  - a3ab34f6a0e72911c75d2ebedc0a2110a0f64bdd986c66a5e1ef974fcdec7b22
  - 846997cb70d3df079d34c15a0328c07ee0c22cf575c027c240064cefa10aaf4b
  - a766e76df91de995c6d112d65fff3685e863e45786da9f4c5808e1eb6dc2ffc8
  - dbfaad393b49f469cdf4e94fa08dc39ce1b6500ef215078237d303e6cb294b59
  - c62306bac17e5638da4c463336929f6631d641a077f2f169ae10587974fd0b90
  - 879df3f243797ef924d4e4430443d1389256a085726fd63ffb2118ab78da8a96
  - 95afd8d6299c48500ecd68787b6482cede1d86db5062be284476c962f2432cb1
  - 152e243edb060a45e36db5f9a7b441a0816e8cd5dedbdc33eed6a0e7ffade54e
  - 652dd32861ca3df609f85071ad2cb2a1e29c8771cd2424df015f3ac257305783
  - d9d166fa543545352f634e4b64f3f406390c45db8b71cebc9b34378eb8447c13
  - 4f7e78304c85155bd0d0286705e9f4d9ab0dbba6be657150bace0a7b85ca8d66
  - b56571368d19519fb46dd228bf726a46d80d554bf21077c0c247017be1172a5f
  - 6f17b1fae5d675ed9bf1bc56cc1df69e69af7afaad7af59e35f20c78e2ea9d7c
  - 62c531c949c6540629a0c8dfc7e3e8c101d703ba4245ee0c7bbe4dd8ea8a3c21
  - 1fe1091af9dc87a072c1c6022e3d81b7837d91e3cfbb9325bed1a6a0d47427af
  - 55a4f533d6dac9a11cd491c152c384babde2a8a9b26a33d6a986bf46643eb3cb
  - 12485a190b3d5d04f7f1fdafa1e93a215b5d58e248ce50c7bb99f78630ac5e1f
  - 955660ba9db3d36aba12c604c70beca63a40c71be7c136ccaec702740181c4df
  - a34f1f178ecf9f00bcac16498fa5afadba54394e7d034b0a754e8cbf23686bce
  - cc53b87b50a5e102d2e1c366040f15ae6d9fb918bfae1fe9b93b1ffba789f4d1
  - 8828f94f4f8c8f04e0a49df2d0f65f18adec69084de7c074dfcfac9a181916fe
  - 2a29dfb789019e2a7cb8954624561e28db729fd7f96f1a9e3d80cddb9a3419b9
  - 58352c98ae7f81539d08c0faa55688dd2c4bf1dbbd4c1f9bf097577136853b0e
  - 8a974664ccdf5bf982e35fa4a807eb66150c171274d54f47b85ac4dc9549d225
  - 3864bb3bf364ad835f35774bcbff61fb1a2c414bc98af4a624fc4173b8828f82
  - b2c80f33312f266cbf386bfdf82a74e71c8e4b50e30828a59df7ca1c6c28ac5b
  - 050f9c2e1144bd28e4f09c8de6a5872f625aeb41c12faf0dabf09265018dc4ad
  - c3d65393ed3a849346ea8b0e24c60f2cea676bf4735ffaa1363f97c28dc6e50e
  - 5b447234b328dcad7e1ab69312579b43251820db248947f4b99643368ec37338
  - 651b4804d24b95de3b375dc8bb20e90a9f7eff785da8d84ab79cf04342f45708
  - adc43c534046af6c70f1c7c366e7bde9cf417fd62516cf274d4accf75273d1d6
  - f279cfb23404b9050675c8e0c8050d98c03f47260d9c37e75b4ad96fca8fbdd4
  - f07f2da83753db9fd6fa4514ebe43e82a7b6a3fe4955f51ac170bb8108a7434a
  - e643d4e12c499e47021c30ee2940689435768e9c2f62c0cec60ca4f83e9892c0
  - 8b10fdccf3a4ae8c8f955e4bb6e96bf7e83aa1747faf0f7d1b3f15e3ca299f2b
  - 05f218091c86c01ac8550c1aedd16b7d93221a3cfa8e9f14a5bbe9938d7543ff
  - 692f3b9ecf7682df49f47a5e4ab30e7e7a623650bbd5cf3fe515b380d606ab01
  - f3c455276c2bb31e2024e0df0a2895d286918659a28136d9d52ed47254b9531c
  - ddbbeb7da840fb7cce492c77c234471b2c4756cfced86527ddbadb35ee378353
  - 90156419b5feceafd068406226dd91afb8cf2eb435f1a6a18e54c57efad9b8de
  - 9cd4125af6be61fe5e2aa36e0515879d39cb9cb73c0b40fcf8502775136ca05d
  - 0a253041b99ce28b86dde27b93187c6cdae856956bcf108f6f8ca7de76202d72
  - 15dd747feda5303671a00ac081129033adbde666436e35250b05812ce7225bca
  - c02ae0a01e3069647714226a4d6ffe0f416698bcc4fd4c3f0c1bc0391519d26e
  - e12befa530480449b164522e1f449e36a845132d2fae947fad6c3cd798b93c3b
  - d9ad7840a0b04c36f0639f93d97666c08df9713be41e315bd6341eff2460dc5c
  - eadaa256f8de320fa2ec43bd99c410d190733b30297b50e36b5080345bf288d2
  - 2888a5034a5782cb1de792c5cab2ea8c95ec393694895929add4aa2d55d25d61
  - 95085d567f1c0ab86f7d146d697f390d4f77610177e8a17e016a0efa4da6d1be
  - 0c6a2909792a08f0c17d3017d375ad664e2567bdf7935f7dfa03b0aee0dda7d5
  - 1a9b629afbf4b183e5011786029348abb367ab062456acec116cd6ff210df9ed
  - 12ae4581b7af256b70c040b4329b12214b114e5c7b5c00d48c5e240c0549e7ac
  - eb867ea531c8fa0ee36cad6fff1bed461950b5d6ebed07c5adab76929e591299
  - 8212e0d37184b7fd6e4369a638f99e30af798a9c5d4ccfbde51885e042473b1f
  - 7ef9e666413b6e346ac0a5e9d80ef1612d6edd04ef14629564faab10b296a72d
  - 487d10feda54c78ef4c60f09d1ce4460b8557e2cc86bf1a9d12b63425d98a73f
  - c268b135329d80e827c3988d766e327a14ce181ac633a3622ce86eb9c313c10b
  - cc026cc79a65875f9074a4449426d47ca79a6fdc4697fa9617af1904402de30c
  - 919a6ed5d2eb768d312b3cf64f6e1c91235b48c329f41fc91f32fa03d9bda552
  - ed06115c713cd6fe2ad4cb59701453c53dcb6c8841ab725230bbe1cb55d5ffc2
  - efe11a46f29433a69259289b36663e9a2ac2dccfd959339c39894331f2fe953b
  - 8f42939d0de45b67b6912e60a2f1ec7eb2b5ee06ee7df22bd74f149b8573daf6
  - efcce2f150331e37a9e8362d2969c0bff63633b0ef9fdbbf466404db2749e3c6
  - c136b465b68f78a83db6d05f639bb37a45fff5567d91b954ec6d0be266c77d49
  - 50467238efe4b40ba2245059360401100f78a799696815c7144aa01defaa5ba4
  - 3a07dfbba08ddb467e7f55361ed63fd02daa847db2596f199338b9b3223e45e2
  - 6f849eb126cb1dc87eb588c34fd482eb8e861395c992b0730b88df792f261b8a
  - b4a82f98b96b64aa4fbdf9ab26db424f9facda8fc11bbbc6195028feb2556743
  - 98c3f4dafca9946ddd7fdaf52888222f3455f28275d9073047e94e114e78e181
  - 16df93ccda38738f5ad8ca5b3de0e98f62afe088c8519f3ed663dacfef1e977a
  - 19ade9290e6230aa34f05bd1dd2f2d864c7837dc4f67efba7766ac3a688fe662
  - 752294bae6c061e5e009bd65681ac5df76be0d8bfd2fafebb53ccdb0d7646a76
  - f220f3915c29bca7ed5002a795815a7f835823d4a70cc153d7f267e0817cd118
  - 1179d0892a2e5d43761d97552edde68aca58963e040a24a0d3b0b2dd6cef47a8
  - b80310dce1d65c454cf6c407b51a1b510b36cacc81f586e2ba6d33bd835924e3
  - 62b70602c5e0639528a780b9536bd9ac7544a040347a9055ba6c94eb4a3eea51
  - fd59914727fecbde053b642e5578d0d2431c8bb45b428b64765b270406444e3b
  - 17fab55e7e82131b83c78f3a77294898bf4d5ef0613097bab861306804dd4240
  - b82cf21c37c587cd04246c2fe8e5548efd00c17060ee2871429d81f7755ef110
  - 988b3477e88f23909b5c0a09f8c689fedd59eecb868a294a0ca351823146f981
  - 9e11ffef69f46a2415e5d3540c61da673488cc730217708e79e8a56fb060e847
  - 629128f7e24d93e8c4aace58b4673d9e35f9dec26d0663d16eb823bd17fca7c2
  - 2d629cab81e33db7e048dab910c79d72acfb973b17625b96972ce5bc17b2ac4f
  - 60f6fc5b612b2fdc3740a4c9ee809777f6bd5bf71eaec7040036db21daa4586d
  - a80e562644ef7524526554f216cd5fdf9add0d598382facca41c56ba4b1f37e9
  - 307294a46497c93728359e895e68d115bdfbafdef5ee8061b8d8166bf2af8521
  - 698f011e9b2e4b90b091a7caba3ca35dd682745391f606e6cc687e0f2daa22bc
  - 7f4ebae60350d098f834b671918984c9ad5c05d893f7de4793dd068006f196f0
  - 6bf6efe7ecdd3d42312df60bb708720765d819e58f3f59fb50946ffb6fc4f81b
  - b43fcdf724e2d2c62db5e49a88a2af94067ffe8984e37681e664ff78cccde4c0
  - a0e322a1bb63c7f43ca00136a60f6352a5457c31a66aea20b33754562e4bdd76
  - 1cc273760d600d6d76604b2ddb5d9f6b7bdd32aeb231c7507521d85cd4bd3035
  - cf3072ad71bea0ff55900df08eb223f660a32e2d64e692c1bb6a57644e697d7b
  - 1e2029a25ae03038be0fa85287b18ecbc3fcd6144f78ac67996dae2f16d79e6f
  - c806d764e94bfbad0ce94201376899ee64ac0e37f10143a20208b6225e120e75
  - c8d3c5ea0e45b01eb88800b3d186e4f054ed967e3aaec0721458a2c8d67f716e
  - b66f590de840a0b68b431ba1c4c7d493d9bb7996b8f92817627ae91ff85f94fa
  - 69eecc684348c834fdf786a23a2c0d7bf2b6701c951fab54aaba1b4ae870b642
  - a6ae29b62375dbf000c8ae1048e0fcab7b56e03949201682553ed0a548278bf9
  - 0a39e3389d2437d160f3d95cdf30f61c1afd52a2f82cafd2ac32a6b6ea823e9b
  - 154239aae4f546bc027500eae27c714ce01ad0200462bf47c6807564e0e4a468
  - f09bbb2d19218100f0dd9b29f6b7ac6abd09ba145a1e9a6df989b1e39f097c22
  - e7a7c1f87beafe1895c2bcd421fc77d734f76799d2c0d9c23bcf71b9fffc2699
  - bb4e9c282c174e3d438c63ca40ecba99b6e4cb0fc55c6c8cc940fd3f5c6528c9
  - ed2d5bbf62e6bcdc2e1ee1ba63cf2781eb7ee668fb9eb2fd9ee717d0ce1a6f83
  - 6cc625d132fbfa408f6bc106176db4ec6fec3b8fa55565d0615b0aad23193304
  - 6697e0fb9053689008e7a063e84ad084bf2ee29fa8c5bc60857ff40c6dd96fe6
  - 1e72d341b4f5f75fdb9e881516d6b31725a066a5ed7538a05d9093041e8879e7
  - c6c7af64486c17903cf4e142f46b27aca0a3876476d45ca0f8a4cc91301edec4
  - 1ade2393a6111780d70e239968f7d4f48828c7d0d62ad9d58aca5cc5fd6f2cfd
  - a54c07a3fe146ef5bcca630eeedf5f6b3cd9b7d9e90f2b342daf56d6db6df70e
  - 9c81aa286afca7471f51b6a9d1a04236ef9def691959d47c2b857fb27d358968
  - b16129d9c3c9b419d2e6dc68cee386498dcde84c0047549322b1f08f2ae57ea4
  - 28fd198a2a5e173b9c4ffa110a11a50cde6f2bb1432625082bf9be1224fba75c
  - d1ab6dd5d7e9f7cdeb7cf045e9bedb42820d97082ebe8953eb7168886959077d
  - 6bad4ba6df031b27224275eb1e2fe490663f7534d15b08b8f4e5181acb29fb4f
  - 53e96f44931cba77b5250d552f8044384ae19a88f75d80efd8963508d3f06dd6
  - 7bcd0928e4f3c1db66c2dbaa456bf46aacd892725a9bc4a1c8b87a594c693f18
  - a595e686f1fb8123bf00b67d220b5853f8ce470d942387392b06f06a6749d0de
  - 61b34855bfdc9b8ec97bf582bd407e50cd6e1247cde484a4daacf29dcce8abba
  - de70d6d799ae74d61c2282c904b790b4d8ea4ae9cfc6f8981e16a9874846e4ec
  - 211eeae933df6319882fc39c862cfe26e231372fcf541f22a65c45963d0f63b7
  - dfbbbc10d452059d6a9571ea6db003aafa91f4d435c55adbee8eee9375a70c2b
  - ddb95f8a83f1b8e01fffb57e08843bf463c1ad7b0ff685d34d2cd5e5e4fb3b08
  - a7af945e4c4969707d25cd0d330723e4c3f1e9311601809d6f786f7c1ead69bb
  - 473aa11727e69c7ecf7d2ef63acb8c6510988ed1f009daa89eac1938979fadad
leaf_hashed_key: 123563e27ba1384aa3f55eecff054af7ae82013d8aff477a215ce6ed4308f520
leaf_enumeration_index: 50
value_written: "0000000000000000000000000000000000000000000000000000000000000031"
value_read: "0000000000000000000000000000000000000000000000000000000000000000"

