---
source: core/lib/merkle_tree/tests/integration/merkle_tree.rs
assertion_line: 658
expression: "DatabaseSnapshot::new(&raw_db)"
---
tree:
  "00": 0d030c61726368697465637475726506415231364d5405646570746803323536066861736865720a626c616b653273323536
  "00000000000000000200": 0059914596ed2e70745c44ef315747ea29aff72bce6757aca30a434d9bb70781000000000000000000000000000000000000000000000000000000000000000202
  "00000000000000000204": 049dfddb9f03237fed8d902e350f0b0e9b85af93f49fe02f0d189c47cd7b122b000000000000000000000000000000000000000000000000000000000000000707
  0000000000000001020e: 0edeb726b4588b4b373d38b7b43e3083c6e105c991e1812bdcce6c373ed98dd5000000000000000000000000000000000000000000000000000000000000000a0a
  0000000000000001027c: 7cabd5f57ff72670052939485c4533b01b26fd0e490c31bd48b5ac5002ff1f83000000000000000000000000000000000000000000000000000000000000000909
  0000000000000001027e: 7ed4dea78574266e019059e5b5fd6f94ed1632bd4a643d1c51aa02974def5684000000000000000000000000000000000000000000000000000000000000000303
  000000000000000102bb: bbd2fb6ed132cf2780a90802acaaa371de119dc89f636dbb647ccdff8b0dc056000000000000000000000000000000000000000000000000000000000000000d0d
  000000000000000102eb: ebdfe46967031db428c3b807c7f8d78f6a51e9ca5f0500ca6099d3d26b1d312a000000000000000000000000000000000000000000000000000000000000001010
  "00000000000000020207": 07216d95abf0edac40a58f6ca27749af481a4ed3b33dd2d3f10efa814d6da0a7000000000000000000000000000000000000000000000000000000000000001818
  "00000000000000020229": 297faa5f83989e2a8b574589c3eeb5fdced0634fd75d662507604796dd4edd1b000000000000000000000000000000000000000000000000000000000000001515
  0000000000000002022b: 2b5ffd54bff018009f93f7cd782e8922b24520eb99a100efe2c1a4ae6c1ca3f5000000000000000000000000000000000000000000000000000000000000000b0b
  000000000000000202a5: a58e3a77937b9b747f70d4aee9e84992d7955e52e2de71dc9615df3d16b2b816000000000000000000000000000000000000000000000000000000000000001313
  000000000000000202ab: ab314b8d202e718d011f9f90df81dd0a00dc4f2279da45121f6dec7257622776000000000000000000000000000000000000000000000000000000000000000f0f
  000000000000000202ea: eaa40f6cdd316711961300a0f242fdc226f42d4740c381f05200092eaf70b841000000000000000000000000000000000000000000000000000000000000001212
  000000000000000202ef: ef783cc720dbf74c747a155a8975b324d2f8fa80672969dc78fe6f12ea59d03f000000000000000000000000000000000000000000000000000000000000001111
  "00000000000000030293": 9300ef4007f853d076758bff4c00d6c979113664a6c948d0d313daa379607fdd000000000000000000000000000000000000000000000000000000000000002020
  "00000000000000030299": 99fa0e7a995a9b3c03f9a186d9581dd08387846aade5384b8e85c9c7c193dfb3000000000000000000000000000000000000000000000000000000000000001b1b
  000000000000000302b3: b314fe2db0b91091038ce12e45838efdfc5c48fe1e68d4f6a4f990ba9e4324f2000000000000000000000000000000000000000000000000000000000000001f1f
  000000000000000302b6: b63eb46438ece57d3d58c40b8193308ffccd3eedec2d645a5ac181f7783aa9c5000000000000000000000000000000000000000000000000000000000000001c1c
  000000000000000302b9: 002800001632849641ed8fd7f10b2ae3ddaea90de793987e076a54b1d561f0bbc1fa4c65037236b2c6d1e76a12f08ef244830561fd8c3f4cb4eb1d180d9dd3885da41f45cf03
  000000000000000302dc: dc3e793187abbabede6f6fc80c3ab3ac4a31019d0ef19f59aff10f614a7149fa000000000000000000000000000000000000000000000000000000000000001e1e
  000000000000000303b950: b9592813919e07b8df5fd836d1c6e3ac9a9eb7cb66b5ee8a1f4ee0ff3e0b2508000000000000000000000000000000000000000000000000000000000000001919
  000000000000000303b960: b96e7e15bcbf96c67b1f26fa5ba80089388fbefad39968132c0791cb313d0157000000000000000000000000000000000000000000000000000000000000000404
  "00000000000000040205": 05bd0bebbb9c224a78e8d9b6876da7f75cc0d247ce0f6e99f8921fbf410a09a4000000000000000000000000000000000000000000000000000000000000002323
  "00000000000000040249": 49ac53849b70d666cc840b4add0baff56fa9ce7e27be2acb275d109a5994ff8d000000000000000000000000000000000000000000000000000000000000000c0c
  0000000000000004025d: 5daa965d9688be0ac629916a9920e45910c13d1fe45d257a9e17217f226dfb4d000000000000000000000000000000000000000000000000000000000000000101
  0000000000000004025f: 5f8a83305cccf521595d4bdb1ec8b03be3e9e8e27438db250b9e89f09981799d000000000000000000000000000000000000000000000000000000000000002828
  0000000000000004026d: 6dfea072e8e999ba0adb48fc1284af16cc1351d53e52b175f9dfe153602b4362000000000000000000000000000000000000000000000000000000000000001414
  0000000000000004029e: 9e262dd28666dbdb4101e1c27a64deda0e6064360be4c53c89e7b2b35a311943000000000000000000000000000000000000000000000000000000000000002222
  000000000000000402b8: b860ff2535a62373c8c7aa6a31b436cb16427464bde987fc0c35238e10663a56000000000000000000000000000000000000000000000000000000000000002424
  000000000000000402dd: 00280000bf3a7497054eac25ada2fc8c4d315a3a240e6bbe6ecdd3f2fc0f82d8750984410457d9159f07e3d3466d61ab4c26d5b3ea993669fa9b133ee2c9c0a4b859af98b304
  "000000000000000402e8": 0800800005cd913895621437d7b5a41c4cc473ebe257221afa3d6e70297ceacdedfefb2a0437abb18273775dc4a8d30143a3bf7e2db1495570bec8a7876a34f4c18eb9d8eb04
  000000000000000403dd50: dd55470824e0db2b94ea10ae29afd473f265bbe758854354b926846821fef91a000000000000000000000000000000000000000000000000000000000000000606
  000000000000000403dd60: dd69263d904a01d711be57a6f4177bbf6745084517b2ac16468ab075cb88a962000000000000000000000000000000000000000000000000000000000000002727
  "000000000000000403e810": e81cc9e81f01ea7314bf83dc9b7fd942974427fe130fe80b3fb11eed3f80d4ed000000000000000000000000000000000000000000000000000000000000002525
  000000000000000403e8b0: e8b8b981f358516ba6e7b76e0007bdecf3e97873abe468fbef40110d8206c8d8000000000000000000000000000000000000000000000000000000000000000505
  "00000000000000050201": 01ad1cfd47cdacf2f23714b10102071ea05f91e25ffcf10ac043964bb004b83f000000000000000000000000000000000000000000000000000000000000002c2c
  0000000000000005022d: 2dd4a3d0d6d98198be8e16968d57cda367833b99cfd88c809ce3960ff8b41aba000000000000000000000000000000000000000000000000000000000000002929
  "00000000000000050238": 38ec53adc1cd8bc9f788a5986f73d4e29e2d98945c0aa1d6727be9f8baba4337000000000000000000000000000000000000000000000000000000000000000e0e
  0000000000000005023d: 3d8a8b22175714443f990b996dd26dc71cb53e030d1bf48844df12486e5d4f2a000000000000000000000000000000000000000000000000000000000000002a2a
  "00000000000000050259": 5970e9fe810ebec7d53c18e51fe72b464e75851550b0c34a5e7ebabed8e6c7cc000000000000000000000000000000000000000000000000000000000000002d2d
  "00000000000000050260": 00008800b450bcb1628ab1ce5b83630fce3da51e983f02c587d8eba576f264288f799bd2055bf094efc1e3fb61fa5a849f862e091e65738a95d239372e92191d2f5779752b05
  000000000000000502c0: c0519bcddf9b31ea9fbdfe61998e503dca06026d059b990948d1e076657a191e000000000000000000000000000000000000000000000000000000000000002f2f
  000000000000000502c4: c4fbca1f402303e4bc0c85ed3817bc2ff549f665047388b1b40fab23553b2a9d000000000000000000000000000000000000000000000000000000000000001717
  000000000000000502d9: d9898cd6484f797318b72190d1939771527071cac4c2e9da4e053e2b6e0dfe1a000000000000000000000000000000000000000000000000000000000000002b2b
  "0000000000000005036090": 609f2dcc908d758e6b7dfb10333930babc58eb6ea82a7fb7e332371ba173d855000000000000000000000000000000000000000000000000000000000000002121
  00000000000000050360b0: 60b22e6aff3665a5256eb5974025b20ba28c2b93ef016a66812f4c6e0c8ef5c4000000000000000000000000000000000000000000000000000000000000002e2e
  "00000000000000060203": 03484fcec5bd9ccd1b448f7839fe71c8fb7d0e9e9f9076447daa552c89691f60000000000000000000000000000000000000000000000000000000000000003636
  "00000000000000060212": 121a1293f56198bb1639951b344a3ae26f5bca796569bb07d53ce98f4085bcbc000000000000000000000000000000000000000000000000000000000000000808
  "00000000000000060213": 1303216ea6a1a1b396f5fe43017e9869938a896901ed852d95079a1a7d7d57b5000000000000000000000000000000000000000000000000000000000000003434
  "00000000000000060219": 193fbc2a619e98d253554723ff80e1c2de926a8547f09ee1568e53db2b0fa0a2000000000000000000000000000000000000000000000000000000000000003535
  000000000000000602a0: a0aab27f895e1a504ee0862d8a90c2df63bcc4311409bf357a09d6ba4311d0f8000000000000000000000000000000000000000000000000000000000000003333
  000000000000000602bd: bd11589aa8ca58a6c00ed1b1354d30b53279703644bed0a73e63513ad11fa5bf000000000000000000000000000000000000000000000000000000000000003737
  000000000000000602c7: c78049d38618be10de663e1ef60a5a34a9e635692bf9952c3afb837af3f66e1d000000000000000000000000000000000000000000000000000000000000003232
  "0000000000000006032560": 25659d69d133a28e77d07372508d9bebf0784d709c5f3bfaf1a4d53e22d4febb000000000000000000000000000000000000000000000000000000000000003838
  "0000000000000006032580": 2585f6a0139e0a71940d088e01221a4a5a6852220a894f135cf5c415c511f247000000000000000000000000000000000000000000000000000000000000003030
  0000000000000007020b: 0bebf05465e75ecbdaadb3e79813a435c75b125b2679361a673af1f16b0b8ac8000000000000000000000000000000000000000000000000000000000000004040
  0000000000000007022e: 2e54be9fbeefab49441556d63666897e33eedb3ff99ed9bffe4b88f9fd85ba11000000000000000000000000000000000000000000000000000000000000003f3f
  "00000000000000070252": 5245608ce703d4a307b8c83f268dc60ac248dc26a891baa6116feff1e3cd8ba4000000000000000000000000000000000000000000000000000000000000003939
  "00000000000000070262": 620975a9aee0d240d9f52ead3ff4f04b9043e260d67bb961fc16188cf1f63635000000000000000000000000000000000000000000000000000000000000003a3a
  0000000000000007029b: 9b420dfe14cdceb77e4464b2a841b6cf6221a29acf6bf363a556a13b72467404000000000000000000000000000000000000000000000000000000000000003d3d
  "000000000000000702e2": e2adc6f93c6726bb6f0f56324add68457a28b691aa6e08951cab65ec6f37b54b000000000000000000000000000000000000000000000000000000000000003c3c
  000000000000000702f6: 0082000048902a08b0d7edf4969a608d61ec9911074fc5efb163bc207048d35be9ac0503071993dcbaa58bdd07fccd22a725289a2ab266ee265a3c0dc0eda3a48a154235a107
  000000000000000703d8d0: d8d8c592cc9c74820b9ed9a20fb5709a0d9273f210fbfab39feb94c62f00d806000000000000000000000000000000000000000000000000000000000000003b3b
  000000000000000703d8e0: d8ecaa095dc3b2f77c057c770718c0affe6a9caa0104136143437cf30fb5688e000000000000000000000000000000000000000000000000000000000000003131
  000000000000000703f640: f6479d69073315ce4df8b1234bd36fde45581f7b61749ba87374c8c71f0b0d72000000000000000000000000000000000000000000000000000000000000001616
  000000000000000703f670: f673a7125608b9951ba643a43a2b7fc3a87af522e820cccfa65f977949a98c12000000000000000000000000000000000000000000000000000000000000003e3e
  000000000000000801b0: 8224860824620206f5ae3438e207a4bac199dfceedf205d17a5a7f5396b7ceef9eafd0a0082c0a644c823c91a5bea9558492e3b48fd18be253175f64636dbcc860eeee5865037213670135f5ec0a5dfe384bc455d0d377e1c023b39bb0dd1e27e2caaa49a81808c7d6f9eacac49c7dd8949482043c0c42aa0cc5450e38c51e623ed0327ebf094103f3a8e759576757a9c487914a62da083898a037e4aeaa1944c08fe9ff0cfe6a1604409271ef93d4db4c3128801b7e9ae6d181099ca7b8a849670cdc5106b8dad4b803332f352a2bf593288dda47c506db7903535e1900681d84c1bd7cc0ff2fd1548b0134638675b595022e38b43d20ae971594edf5e202eeea2a58bd30f692b2450e1506
  "00000000000000080269": 69d819309016b97574c9f345296c54f1432e1a4fc9e48fcc3d3bc03bf4997fda000000000000000000000000000000000000000000000000000000000000004747
  0000000000000008029a: 9a559085a559a2e90b54fb02fdd4fd74ab5d604e41c4888c170cdc87c296408e000000000000000000000000000000000000000000000000000000000000004343
  000000000000000802b0: b0e5ace49939a244a59f3654a48da2d9b1c9eb3977925c61a3bac41bfdcfb4ab000000000000000000000000000000000000000000000000000000000000004141
  000000000000000802b5: 00080200e421f147ed76b69035b1dc7a21a4896daf523abd3a05594f0b9ebe63488ee5700877ab4544f0f4d2663fcc4619ce5a1dd6020cb5f2a4751df29fbb57892276342208
  000000000000000802c3: c3a199feeed885aebcd589011ee28fdab9550fa9fe53320e56803a6cd4aa0aab000000000000000000000000000000000000000000000000000000000000004242
  000000000000000802d1: d1e5b3c0fc106542ae1485cb8b21e43c3c13630a6a3c20f8615c4b7cdb572490000000000000000000000000000000000000000000000000000000000000004444
  000000000000000802d8: 000000a821be1d978695211e8e63aa6efccbdf85110a0879cc45f718ddbef1d8392221f80705d8b58aa36651d72ad489469fee23b99bdeab996c96f9aaa1fb691e52b0bdbe079e3d820be42fcb2ad42a93a18226f5eef9ae386b6e926111d97489670383cea108
  000000000000000803b550: b553466aa2101212ae2cd93d024063d8367439fdba7b959b730db13a4377f992000000000000000000000000000000000000000000000000000000000000004545
  000000000000000803b580: b58afc68cab79b077af15ab3b543a110771b218b2c3dd3dc097812e86a89629c000000000000000000000000000000000000000000000000000000000000004848
  000000000000000803d8f0: d8f4c0f3150c5cc8885c2c0aecbc6819e6689bf4338c70da4816d4cb66ed94f5000000000000000000000000000000000000000000000000000000000000004646
  "00000000000000090100": 8a8a882257b5edb42fb6c1d47b66df6f451d1f0b07c707b265b47a0a445a49121bf17f09003564f8fd0ce402f3344ebabc39f73df9f5c2c5e7a6ef60d3c65bd3fa126e386b05663d14857c3a5444a050d9655e3827c4728e80d79d1292fd51f52c34b1e7457b0614c2aaac166403626fff92472cec22712462ccd14ca9d431b2cdcc75fe0912cd0026e57d3219488c374ae9bd6c9778ffd012f013335e68a58e614ab7b397b6b3db04941121db179d2296e2f1633f191f7f52dbb69956adb74e105be899b9ab90771c02eb7ced5baec3075725903e2e21b0e1457be9ff668e5e6d40e843117004e4acfa09ae37c191db8c160b309ddf0f969c234bb77fcdf25dfde6f541e0ddffbcfe0de2076f21fa6ab54c46ae0467b9a707bc397efcc6b392f748ee0417583a5a1eb326d6092c9ae2b72aadaed919d02086f2daedba2939863499c8c7a63e1eef851f57dc9901
  "00000000000000090180": 89069ac4c9e498cf8311cdc94afb4afac57857c4d11ff4cfff721be3f2f627b2000000000000000000000000000000000000000000000000000000000000004d4d
  "00000000000000090209": 0959c7836901cba04c833b419ea0dfe0c205bb32a67214c6445b61d7b4a0639b000000000000000000000000000000000000000000000000000000000000004a4a
  0000000000000009020c: 0cbf607275c4dca4df0f7ffbb643193ab7a9d7419c0f02e0c3ba79f398f81d46000000000000000000000000000000000000000000000000000000000000004c4c
  "00000000000000090239": 39df927e1d5265409744353547dab1f8a27444b2fb917ee896983e046ba91163000000000000000000000000000000000000000000000000000000000000004f4f
  "00000000000000090277": 7783908d59c75dfbcf114da6847cb8abd3be94593bb4267a9b1ebfb223b98ea5000000000000000000000000000000000000000000000000000000000000004b4b
  "00000000000000090294": 80000008170ede3e1920837d4865c7c6087bb6117d6083871d773aef1916f8bf1662faea09127afe9fa81b7edde8ad3c48f164abaf9de3ea3c04b5e7eec32bc2609a803c6909
  000000000000000902a8: a8c56ac32ee75c657919ae3d71f58d15ac0eb2e9d2ff7b9c04b8fd0f96ed7448000000000000000000000000000000000000000000000000000000000000004949
  000000000000000902c5: c54f0faa1e221486827abe3f900feb05956f20fc7f15f4e084bd673c489aada4000000000000000000000000000000000000000000000000000000000000004e4e
  "0000000000000009039430": 943a91e688714abcd78bec435e5d1f6412e5132eb61ab16fb71947c26d6dff64000000000000000000000000000000000000000000000000000000000000005050
  00000000000000090394d0: 94d67b778ebe500b3516f7d892d44cb281067e662cc1483d559cd0d73e00f177000000000000000000000000000000000000000000000000000000000000001d1d
  000000000000000a0130: 00000a28803101a64d85ff96891a1929b5410e7a7a0b6a60ff8bf3378008164e6c21ae82051d8a35b505566077f9e13da0d84b530d3092ab261a2d2abee46f7f28d74c8e20097d37b6b37acd4cf4045a574c36ae84c9a1dd5f69f307c91f0e72fb20bf0d4fa8053c4e03f48d247afced2623d420be80ad04a1a9e87e27d40dde7cea4f96a9a7180a
  000000000000000a01a0: 020882086b44da2a9dd1eaf1e18dad37d7e76005d4b035d5c928629d180c9e0d15554bfb06182fc339100ba14fc2bcbb0ae880c957f3ab0d069eb5f206dd4649004c3fb63102adf6e932d9d77affa57a5662c9976af696c390b173f13f9accdb45d2b3245898090d19ead21c451a82ac4ff7cd7b2f004013811ced4ca96177379ebf5ccc58352902ce290b979ca575bdc45250d691ce3ed7014ec2e83477608208bb75cdead773490a
  000000000000000a01c0: 828a2000c44c8b773c992751a9a68cf562a5d66a82ecb3e5b1f3e825583af4a4dc7188fb05f8e73c81b1ec28c666c9a504eb2be2aa8a2cc1cf0af2889447eea287118568bf082de02cba921be88fba820ac33a520ad265be4c4a290d864f0377884abf900ac005e8927e187971ca77095814caa6cc732835445a638edb782610240ae86388c788090ba1131ae7242bf1d1dfc8c0f32eb0a5cf80c6f85dab3d0d0c5355881ead0e86062e3b99b6d3c2022157528163ef99f3fb81204f8d3f32ff3bcd8fb918e40919090a
  000000000000000a023e: 3e5f86ed85e39b54418692f15640a6bcaf76b7cb6f7b6548da28177df9232ec8000000000000000000000000000000000000000000000000000000000000005252
  000000000000000a0244: 446c0030d10b7a6b6c2970f02f4505d71de7bbf95c0c99884c0c01467f53a8ab000000000000000000000000000000000000000000000000000000000000005858
  000000000000000a0248: 0008002091380386034a68521194d26b451f80c900eed4fb13cb9e8913e3dfc5e592b00a0a52d96f4eeda24e81dd90939b2748dacd8a765a938bde5574cc54544aa00d194d0a
  000000000000000a0278: 78421e310f5e842ec956e626534d27008b85f06736ae1f67a1aaa7ed7f21c68f000000000000000000000000000000000000000000000000000000000000005353
  000000000000000a029f: 9f654242a774697de6c44df46fa9670371ac5999c0b14874dafefb8f4d60638a000000000000000000000000000000000000000000000000000000000000005454
  000000000000000a02ad: ad72cdcdcfb4f0632d055d5445137abf73f21c0dfac21add822c71e82bf2353e000000000000000000000000000000000000000000000000000000000000005151
  000000000000000a02ca: ca19a24e1132928718d987a578a4ca038eab9602e8c4abf553bd7189459effef000000000000000000000000000000000000000000000000000000000000005656
  000000000000000a02e1: e13b9b67638cdad23dec7259168f9562d1dc889b2be70d752bc3dfe82bc6a712000000000000000000000000000000000000000000000000000000000000005757
  000000000000000a034850: 4858ed2508d9a8a36c8c771fd9cdd71285d5c4dc624a1e63c0abd64cef699b03000000000000000000000000000000000000000000000000000000000000002626
  000000000000000a0348e0: 48e2e8edc61fc5bcddff86b114b5a870369db85287fe39ee8b9a63837552c315000000000000000000000000000000000000000000000000000000000000005555
  000000000000000b0110: a2000800424573be7b442152cfeb1c3601f99f3130c6f17c7c08b7aaa330c6d87a12515a0b5c82fb7448102c04e67a1975867232ec52a388958eb4e9e6baeee14c5293abe506503fe6ab38d5ac1c8b7bfe8b097205de90a84730a84de1738a85051d4a4a026306da7578e0017433b8084636a698ea93c593baedaf117de2b36e72020115414bbe06
  000000000000000b0120: 00048828f9c73b9300e34ac8e315a7bff566e806e513bcf859f73fed008bbc294cbd86170bfa858129a21ac49dc254a945b31dfe16d6aa38f787508a37e17770d646efc8440254811a6dbdccae4f94ec1115b47b52a93363dbfaa0997714af738a41b673af93028f46a18e5863c4ada0e7cd39134e090bc980515a25e481ffc3763ff91c26e91405fdcebb4312eac9d2281efff9ac70c4693fe3a7e5d1be16a233845059ce1d9e3e07
  000000000000000b0140: 00820900ac90a14f9020bf1306cce40cb69603c44f376b19b3b89b164da4adad2522f3cd0a44b03ea062f4472e00e34d5e0293dd01552dc38a7a87408fd085c93074aa6c410ba71618826a808ad48f199fd524a76e7dd86dbebc0f41833f7831fbc6841282d00aaf4063b99148e997961d12ee3dd264572aeb229046a8e5e9b225dc1dfacc72fc04
  000000000000000b0170: 0080822205a922b3f8195dca99196eacd675b9eb833f50040232bb1f618834baf5b38ba109167a1e11488fdfa9d5b12121dd9910adfbf852c209f3a577b967000745f350f60aaacca0ce4f75eee32589c24eec3958eeccef822af3b15daaa432fe3e82a05cb80bdab1eee1892b8092343e6487bc31fa80fb2dd7cbb9ed1c6fae878f83dded1c2d01060b08b1a2e058cb5ec3f70f413c5d5440ef7d6e542223d3784fbd6c72e8c68c01
  000000000000000b01d0: 08800906f4063981ea97ecdb06015df9bf4f6727c57efbf4b0646c3476deb36794324db108afd85ebff302f5bbba6058397c4ea0828d22a3778df3f112311c1d0accf7c7080b2b1948ebf5edfef56db3a187d77bc30e4b3200612376c93a909b907ff574c6e5087eae10ad154a3d3f012dcfce2fe0adf14890f879676eb80b621029c68d316ca305d82817436305281ec13d95108dab7f12d2efe6baeef0e20c192522e3fb9acfd20390931c85595b1e71a6693a36c92ac5c7859148c77e098b7c950389ab74c5cfcb04
  000000000000000b01e0: 2880a18043fe9188b8b985568354bcdd9250b431c4e714f6b42051be284857a8d2be17220a5a0aecb3ba406c7d3e437d8ef8e625e2d77e062da840461ccf48c0c4308f403407299f131a3be0248d2e798e4ad2f600e15e0f33a6cd627aded2521f4ec15f99780bf11b8ad362ee769da41a1cd9c52ad888b677eec1f20671001f8777faa9cf964a04fc7d7cf7cf7a7beefa4a24a16c1aee39a859559a0af0057b8ee2d08190b6f92002ac0b59ebc0d792db7fc244e10d924fca664b6f6e2ceec70264212ddc795c962f0112c7eac2be7db3066f6ac802ba777e9eb44c7a5cab845977367ad8b34df71bc502
  000000000000000b0210: 10517f8d773163c41a3ad0446b196c056622643019f2f0f7b6ee0bd6374e224e000000000000000000000000000000000000000000000000000000000000005e5e
  000000000000000b0225: 0022020063a7ef2de46a7ccd3a1fa06a407e928949b80e72ddb6b3db95ec8715acd6f7f70b75611c7ae282df1b3ad74bb8b08fc01ee7f4dd46036cf91eb514376122e4a62306592ab1d5500c2ed989fa665f501c67499af68a98a0090ea4c7e66cf53684fc0c06
  000000000000000b0247: 473c0e43a2c5fd95e1b6b6154e7a720a5d8d257790f508c601633aff2bd9e48d000000000000000000000000000000000000000000000000000000000000005f5f
  000000000000000b025e: 5e3c1c034ab4b4eead015b30d1a272db741bb510d9e3d3f1abd099652302414f000000000000000000000000000000000000000000000000000000000000005c5c
  000000000000000b027b: 7b26af81f4c1ab7cdaa6fc0c4aec935004631a29ea1382ac3827df603e42a9db000000000000000000000000000000000000000000000000000000000000005b5b
  000000000000000b02d7: d753f729b5ccfe040f4f592b95b710c4e6f147bb9178880080f2d094becfad86000000000000000000000000000000000000000000000000000000000000005a5a
  000000000000000b02e7: e7df81ef1c550b915e5e9060719aa92ac78a1fddd47c325b79435a7752f7e5b7000000000000000000000000000000000000000000000000000000000000005959
  000000000000000b02f3: f38ccb0299ceb194f40be88e74d175c707832dc74a73b2087aa1027689cd40f4000000000000000000000000000000000000000000000000000000000000006060
  000000000000000b032540: 25447bdfd63dd3e622671ad29dd6360a085ce6006ac74a6c0d6a3c279ffc3097000000000000000000000000000000000000000000000000000000000000005d5d
  000000000000000c00: 6455555655c0a8dcf08966f67ecba39300a8722ba44482d5e0b23380a9f213e8c337f590cc09227b208a9a19221548e782068f0fdb6fbd4617116bb152b668c3e9a674ea29c40bb49d8c482b50bf07df57e2cc5268959d80fcb3f2da9f0f14d21532f57241f3170b53b19451c176ee59d8e6f3c12b6adbd31add13bdea3cec23766e64033aaf8f4d0a7fa6517eea208326fd635d9ea0a7f08f465d46b631a275df33d13c95e4bf02c50ba96003c38bcdb41045b60ec68b377fcd9be9095d5864500f657183cfe777d1e80c6dec6c64316471d87e7d08b832fae1293c5bd921e6b05fa6fccc65e0b95911990cc062fd7630074d60ddcf9cdfdabdb10356fa4383f98d61c9fdf92909bcfcb8190b8cedd6f68a9ef7189ace7c6d176c54bd862999e67e1b753e6f91050c255082790957aa7cbdb78645f6e96d2f01c675433421af4d024b10de397ed0c1c85b6cfe030c92d380598feb12fe1a1d058ddf0866fe3b7a3ad8fa099914132421d8074030330a5cd30423af28fd201e24c41618d281a3d0cab380970b73da816a8fbe03117c16085ec4b7a0f7cc597669ca4a4d8d7419d400afd56116b898807f03cdc2ef70bf4e0adf49b5b8b47705368b4d5e009e292ec1c92b10ef50501bbb191072bdd0350f3e0bc4e5b97afa0931090e318bfaebecf8e2a337476e1a8c102dd970969c6688792f0bba8bc88682602128060614528f82d9a2cae1524e615f6a42cf99a99fec431e450c
  000000000000000c0150: 202008a8c9994c2caa7d57098169757caf7127daad05bbc20a0f2482c66e0bd3e0f2425807351e6086b7c92ade4db538680c6d267f479fccb2d4ce9b10062afdd17369911f0ce6d61bcc44717172e1e2c6b2ff387448722c2fc17a17726189a0c93514e5dab4059fa3dba19b7c08af62edc9239b652fb5675abe268ec732eb467087969ba6084b04a64d06efc9a752b9453f768fd58528f039f4fc63aff3e8353f3268ecf15df9770b6fb85f4290b650931131cbbd4f910b772185cd8006f0b917801678a34b4fa79104
  000000000000000c0160: 2100880851a6e73460f30029943bf553f273b1a48ccd31437e3f83a25fb38dffb2d6ac28050724c3ee74e7f23cb76e9395e87d1e4bff63f1da7049a6eca441724797f3874b07cf2fe9fd420120d82d0609329ca9b5ffa91da307e1b7f51057b747c639a34af8084340fb29a51a13adbfe03a805124b70da17033d7707cfbb0dfcd54d24c1e63d40caaadd43d4d5793871733182fe8506eed15062b5875e420c8b7d22cba53ac378504
  000000000000000c0190: 8005a8a07dd0df391d962fd4150f793cbc18c888b63ed02cf54a3d0db5cb3f2b29c36e24039fbced1659f7cd1a5c0af9ee189842e1692e65352c1b487f61f2d752f2a0b3d70959773d2c25f7cb39674f6ae2cbc3fbdd82d1ed6972a6aa3ed016269f3e5550240cc817723a3d92295eccbaf6eba511b46779dbe67626cde023cf8cd37f33460654038ca3d9745931ef68100145097c22269521f4df6a11f5b2d3e3488216298a8a7608b99a204e2e9faa22aaf21289c9e4f0495f1a388969a5172bc620b50bfa30ddab076f5a9ea74107c8f4de693c261104144e5bc30d5c84fd24817d46e2335b58336704e16772b9714e64a1009a37324bbe60a52cbe8674e7964b8cf9982e83b33ff6410a
  000000000000000c01f0: 881000005ee18ade69f359305864cf1d17d37a06c42736b877fafc52e64c3413655b96b10caaa833785c900c5124bf8ed8d919ee7eaa067d54c92198804d10e1cd19bffbc10b815452859f52a833bb33a0648e223514255bf86b3b57a022a2cc9e761ce5b5d407
  000000000000000c0256: 56caf919aa7245d39566bd66e00d1a91b9894333d5d0384b6a2a12c6e66d95d1000000000000000000000000000000000000000000000000000000000000006161
  000000000000000c026b: 6b0fd3cfa6040f65f7276c040ccc7a4b246f90de0d99b1d3d43a2feac6c894bd000000000000000000000000000000000000000000000000000000000000006464
  000000000000000c0295: 002000086e520d01c9c38a65012be48c7d7a1ee5de3f33497cd4de2605f2998d6f8c03980c5c96cbd1a7d9f8be9e808c5e59d525622725bc800f5ca3aeb5e06ef58f96b05c0c
  000000000000000c02f1: f1a7fba0a3a8c6f5ea1249d0c556b27da90c998fe9d6dc565911b5638f66f5c4000000000000000000000000000000000000000000000000000000000000006363
  000000000000000c039560: 956ba33c478bde6c11ea2a1f6105753d55271cad5ce7101a08b8547a234e74c6000000000000000000000000000000000000000000000000000000000000001a1a
  000000000000000c0395d0: 95dbef93d0be459e34c6e6663551ebc31befb871daa6430a62329531bde4add7000000000000000000000000000000000000000000000000000000000000006262
stale_keys: {}

