---
source: core/lib/merkle_tree2/tests/integration/merkle_tree.rs
assertion_line: 491
expression: "DatabaseSnapshot::new(&raw_db)"
---
tree:
  "00": 01030c61726368697465637475726506415231364d5405646570746803323536066861736865720a626c616b653273323536
  "000000000000000000": 64555555556948802665426630634fa2b42d61cb1a7db5c043416d7956af7bec56b73ecb2400082ce20c4ff20aa689bb7b8f271d58df12f04bb3112eabfcaad58adcfbb84f7d00116702fd80e81259b4ae71e5c1de36274821155a8d6a1c1ea89cf5d5d902cc580089e7cb40e2176d0f7ca9f655716669d664ed39ebb700ca17b9f25e114aede7c200f4faf4478aea705b9b375c6dc623b796d510ef43522a381246b84024689cd0f000410d23bd9b22c926221a567d2f602f4705894df8cdea859ff88785f24dcf230700730075ee7d925afa04f87cb46a5798e3fb3164c66018dcc65198f9c84c7976ba00f470b7f25bdd7ce69c5da747cbdaf51646f43da3fc4875aecf472c60d9f3ff7d00f977eef4d340dcd7a950fafb1e76ac7dd79165be81649fc6916bee4a948128fd002b1376fd60ebda3b866935b733ff7acc349d279b4849ec1540c8d64901ed5969004b64868e7c2e857f8eea810e9c65814b0a4a64a76b592920aeb55cd71fa5d34e004711be2bab7bfbaf9236155fe38bf5e85b11ba1db36127fed19124fa07a7deec00d80d64648b92d65207d72f979aadbb145851a1b136de646098db22d182e23d47008b13c9437fa0ffd287cd4e1034e12d209160b580cf5e824ce1f96733ea8deebb00da80893ed7afdf1e08c921aab825e46161040e5a5875157430c281dede8753ea003d4404f32c1c416d989b9febb7b103b90c92dab70285c8090e885100dba9843100
  "00000000000000000100": 824202205410eb668ddbbfe6805541bc9027b1e3fe56e672b2f0c4fd658b65a38997176e0062049d5e9fcd9805b1927265a1e89c289411b62f1a9bac41bb859a8af226a29300b50fbfabd1d194002f87009ee6ca66cad8f940be286504974f79437e9f672da000f90edc07a7280e7d509ac9dacbaf5247b783ff27dc61240cc96062bb3c7b5c2800676c69048904e80ac40ad0763234f9755fd9f25d4e4a8fb5e03ce1ed7ab2bd2a008af998c072d4b5d9df1f9c6b38a2a1d9935a79d166c8ff56b95dba6f5cbedbc200
  "00000000000000000110": 100aa080c497ca6c5afc1f9c12df48258d34be95131b8bf58b81833ad2edd81e8fcb1ac6007b1cfdbd0e678c7421f0ab8c73a710e35289c7ee098921197219042706bb40e600ed509de97a5d9958a894673c4aaf8324cce21255cc943a617815aeee6b19d19300cd3e51053363b9b194f85b7d5e96d83d139157bee187bbdb248bddb17f3904e600495aad17c27b67962f9ffaf4709e1be2eb0ebe7a52c436ef91eae1714118ff73007a4785703f93edf47045bb4e1e3bb4e0ecfd65ee8483b9e67e9d97b5d739df8e00
  "00000000000000000120": 80206000fdb98b5e8d30098054fd3597a88f285ce634c66f854ee4907c851447d7389f4400a93f9a2706cb27d281c6a9dc62999ddeca782378885be577aac7fafec3185e7500fd19e2ecc297635e667233da98dfabe303232a5d3fbf41c982f1345130955d69008401d37aae7b079338a36f80a32f8870972f6aa69a047b51d8857dc5468e8ee500
  "00000000000000000130": 2020010a9ca9b6d3b9221df22e8cf241a1af684119ad63e3003817f5c38552dba5e5ac4e00f3b2da1bbdc6bfa6af48a48d8c7d3441bd038db14785513d45db0f5558d7b17500f83e1ce1ef61c949c44bb13f78f4ddf374471ebcb0c7f229871ff6b5628d9af3007ddb857848444fd02e28171d90acd33bab0ea0f04836dcc860d9f33ba5d1f8ad00adc44a6520514b45b1eef116b145b9dafdfd6201f59c8e56c773d3e64c695ce600
  "00000000000000000140": 82080a208f4947ddeea0752a597c3a68604f230060d722b8796fab5560a50e54df9998dc00a543703e68d25c5fba82e01197b1f76862df7e21fc2a4caeb5e041dfea949cae004a4d2582458a36f6e857b6ef564ee69daa9789f339fd47383042438d71f12aa1008a9e2002a86c5576beb3dfd7a27226be4e71298832aafbb62c6e30b86b88cd7600ec1f90c1249434643dddc5e0edc540ac5dbdbd779e3fcd6e9bcb8499e009e2a20074849ebc3f4de3b8571de9547eb51e08101cb5f72b9b41df429c4a24213fed8d00
  "00000000000000000150": 8200000875fc86a6a9d24c3496021daa58ec33a870be86e1248f8527fbe1e8fbd23f1f45000774a2cc0e4d0241e694e29a1183456f19b7e0e239cd64ae967f091ceff0a8ff00e0f509bb34e2477ac06555b0856687665b3094b45274c0185650f28f49ad6eaa00
  "00000000000000000160": 0420800475f3dd283860ece1123eaa078ebd2ac151f62e4811f99594daca172bfc4098150058e041797132d35a4d6f20ffd8c9e2dbf0aea47b6502c2fc16240d037fe46cad00754dfa283b794635d1ae3788d1d1cba7edc1347d4f4ebfc46b3bd334fb1bb0a3005065161ce3a4f22220d2b1f854d82586ee3c826b19f51cc2155d9c22943abd3900
  "00000000000000000170": 8020822aa97721c62665f3fdf173ab0eec26afdfb2df435cac35b5af906784293a7ea833006812ecfe226dcdc603ca8e6eed0e8f2d095370995cb4db629b5d85839084451000e39c9e4f07b19f3112ff956e4a543abdaf3f3fd439e61768e2e3f22e43435de70030ba1af499416cc5a6306b1e1138c1e7f1d0fba7f4db85d9015f4501d804ae3a00c3cc9cb0fdcd55b462a342e21cf116dd4e5b0b34b995a6717bfd2a2b397032a2001c46cae5a399f52d200f1174cb708ce5d761cbc0173477faf6d42548a57b717b00e10aab49d6bacde1978f53585a7eb75320deba189dd2a68fa301a7e91a63413b00
  "00000000000000000180": 00101006f1a6f93c43b5c310adafe37fc7b5810768eb567bfe198fcfe5f30bdb6904660000cfe63c6bd5b7381046b9127721ff87c6cfcd3138aff88f93edf05271410b481c00406800b4f7d70e1dbcb0492bf7849839766516f12859fd5179a4075acb87441e00c128cf9797f6713f7846d3a581d2df77b573fcbe3382ff7635ab5d1836287f2400
  "00000000000000000190": 00008802861a5e145c4605cda8158f75e37b368f68a30a904315576a09513bcb6481c914009be8a4fa5b2ab8690519901d59c69d038079be7efa4ee889aebb11e37603f3df000a230aa858e32f4f9ea6f04a6bc9d41e0b8cd7956aebdce831011cc22077d5b100
  000000000000000001a0: 4048a1250ecb670d599c58f335f2a7996e4862ffc4ba804cde9bd04a9f0f2b1c93094cff008d264f9c1cd1ac3e072792009d93ca2afe5e8bc9d5b9bfa30bda8ab8e289a40d00a293f1c9f9f99885ca33a7fc9ef3059c7673e5429d8cf9b3aef69ff74bfa265900e4e085c5b9c98e3fcf65358d3ab47c69f399497b1c4f6a3b0dd469999b9fa08e006146db2c0b63141016f08180ea242384f8e5ee155205f90bf56a5669f790c2340098f81d1a67e5ccff4db4a2c52773d705cf19c37d646d65cd9c3e1c1ee17e34a5000cc50dd42a2dbb2c0b281ff8d1655c446fca57952f1b7b4e864cd0da0d0c52610029f98b6dc60f1ff8d333d3271d0f22cf15e6cbba8a99e5cdb21b506a2ad438ce00fcfe2c7a15ee38fc67b2fa8052d045581cb33510cbcbeb30f618de0cefc6c8d200
  000000000000000001b0: 0288a9002d446bff265fb0d693d90b857b9bfb759f033a9963e4a113838621a7bb56dce400398f9ebc994aca5005262222e2d9a47060815e8adbcbc05fa90bf25c06d705d8008dd71673d53ace295d2b2e5077cd5284f40c03b1f997a44d393e79aea8c6ccf60014d2dfb116e951f05cb66693398052621c0a1c5db189349788b4817eb6f586ad003f55fd31275798166af433479869a898c420d5c78f831c0728056b456d4975760042580d58f96d007165cd76c8d769a56a852a4d23b6d9995fa31e4b1ce0de2d4d000c74277d38bd980de32defe2ea4b0dcd463d0fcf1d654d5de8c0f272db50fe9a00
  000000000000000001c0: 0002000817c96c41d7d77602f290f96be734a9d127ee131aa7e574bea0a449c3c3e1d79f00ed6b3868c78595352c75bade41e7184c7eab2eb6365e42983934b0fe31622c5500
  000000000000000001d0: 800008a8c68219a7d669346edc552d91e1354beb20736eda843b5fdc8ef63f1a0b75984a000a8b24832787fae10827f4a927219b95378d0d78d743e494761c3f0a357289e5002fb141fec6c856c03e589e0e172f6dbac57f1bb6b60444e1a553312d6b0725f400cf91781d78ed8122e9f401de4e1c6f042678f6acb55597a7fa56d16d769dfeac001228024cce69eb884d43d4db1c263ad95b5feb1b781447e6fde3eb1767a82cb300
  "000000000000000001e0": 820091887402107f46a8d2bbf3d9e4a261c1cf96aa591cfaf7148e79748276adcef4269200f3890145fb984cebfdfdffe03c486663d6ac7acf28e134166d3649087d7a66340061dbb14d7ca76eda3ee31de8de561cdd4809d89aa126d8a5c0b2c92e8abe80a40029c628f23bf66503d34d3d02ffd561d5fab807761f9e7b3b73e455df69644d2e00e0d938f15da1d93af39fd8f617041c86bed13c145ef3bcb36a88d19eeff4e8820076ef4a2f3c50c9846527c815f77c2dbb413e6f2e5445d877e05fe3d9f1060a5b005065d06fadbac25b2f33e1bbb672a6ac19ca1279757691bc6eb624d8e8d51bc200
  000000000000000001f0: 00200080afe3c3dded585c511346de317103f57aabefc1454d6ec003f424325cdbcd92a7007c32cc2d32bdf3c89d38c701d7e65dd9c9aae489ee767785b94e8604194ba94a00
  "00000000000000000200": 0059914596ed2e70745c44ef315747ea29aff72bce6757aca30a434d9bb70781000000000000000000000000000000000000000000000000000000000000000102
  "00000000000000000203": 03092a9e63ffbabed81e8c70fc6b440760eb7c97e2ef6c7ff2adeee35cde3376000000000000000000000000000000000000000000000000000000000000001d1e
  "00000000000000000204": 049dfddb9f03237fed8d902e350f0b0e9b85af93f49fe02f0d189c47cd7b122b000000000000000000000000000000000000000000000000000000000000000607
  "00000000000000000207": 80000800facb0a007f0c66d5ab5926bc203292a883e799bbb134df56128b3ecd01b2e190002fa723573cbb7b16e8f0439351afc3e64fa8a37a9e9f128299278fee0784a54400
  "00000000000000000208": 085e9bf51deaeae5f5ae18c2154008e11b6c4558b55c00a5ceefd2231a349227000000000000000000000000000000000000000000000000000000000000001f20
  0000000000000000020e: 0edeb726b4588b4b373d38b7b43e3083c6e105c991e1812bdcce6c373ed98dd500000000000000000000000000000000000000000000000000000000000000090a
  "00000000000000000212": 88000000c5292d0ed4eb2d22de56445f903771c23949d0df372c02cf719fbe01dcfb8ce100249db42a01bb3a675e89aff0223e2f8291974ce8869585c829255d040eaa177c00
  "00000000000000000214": 1495c72a99e247e5e62afbb78cfc2b70e96521ec66741b34e5d26c6de62ee5dc00000000000000000000000000000000000000000000000000000000000000595a
  "00000000000000000215": 1553c4223bed80cc57152c806da9a34b9fd6f5186c93a704d70bb82765d84e1f000000000000000000000000000000000000000000000000000000000000005556
  0000000000000000021a: 1a0de7bcda4f2b92807e6e5161325dbe83d80f549dd7c6514a2e0d98339182f8000000000000000000000000000000000000000000000000000000000000005f60
  0000000000000000021b: 1bdacb94eb5ce7192a6e70de5a2ca66636afe84156c8674662ad2d3e15d934c3000000000000000000000000000000000000000000000000000000000000001b1c
  0000000000000000021f: 1f19d716458bf630bf22fbb8dbe3c3f51ea969c78f5f32e00ebabfb4fc53967a000000000000000000000000000000000000000000000000000000000000003031
  "00000000000000000223": 239cefb312123f2d3a712267910d572320e09cb9e26c873fbbe7205ae0945c2b000000000000000000000000000000000000000000000000000000000000002b2c
  "00000000000000000226": 26b7644763a39b963a521001eeb5310f393fdf10f6370e1689741d9ab14d53b6000000000000000000000000000000000000000000000000000000000000005e5f
  0000000000000000022a: 2aa43a69ae8fec00f5cfd76d5bd96925ecc74cc2f10ab073917f9180ab7c08aa000000000000000000000000000000000000000000000000000000000000001c1d
  0000000000000000022b: 0208000061206090b9654d1e6c71067a7d2c3712b9781d62a934c2ac1f15a43bdab8614f0061e3f098e372609ddc68fd9d0e4ed610fc5b165fdf0fde7ed369c441d6f1808200
  "00000000000000000232": 3243e0b4c20b7932b88d7ad622b751aaf4d72e8e3f77c15bc498a4907fe0f2dc000000000000000000000000000000000000000000000000000000000000001718
  "00000000000000000236": 36a47525a5a179637aa83402bf1105dc2a9e5b2894c352ef62cad0ffb36ae253000000000000000000000000000000000000000000000000000000000000004445
  "00000000000000000238": 00000022aae43edf672af663802243f55862d01640ccd5a1cdca9929e84bae8e015fd37e002e217ea320d4f8f942bab200658cc5221c751f3251b49df826f432ce432f217a00
  0000000000000000023c: 3c0055647719e28f433bf67052cb6c2bac6f9cfad5f52c1d5e82deb697b7e292000000000000000000000000000000000000000000000000000000000000006364
  0000000000000000023d: 3dc93cdad2f397f53df5adf0e555bb1a7fbcf6ae79106e0c1c16049a2ab4d05e000000000000000000000000000000000000000000000000000000000000003334
  "00000000000000000240": 40a0c95dd3cb35be05de81a5e90586c24c1abb14450e4d07b699f59b642bc151000000000000000000000000000000000000000000000000000000000000003738
  "00000000000000000243": 439e063c58e4104cc1e053eeb5ae063f3a3f5a5d01388f878c348f4b1c12467b000000000000000000000000000000000000000000000000000000000000003839
  "00000000000000000245": 4536e10e20cce9fc0d256fbd253319c2ea2644f51daad3eecc5cba05cd6c6a21000000000000000000000000000000000000000000000000000000000000002122
  "00000000000000000248": 48286aca5c08e4cb98c7f93817938d4790523ea040e8977770afc686ca2af7c1000000000000000000000000000000000000000000000000000000000000005758
  "00000000000000000249": 49ac53849b70d666cc840b4add0baff56fa9ce7e27be2acb275d109a5994ff8d000000000000000000000000000000000000000000000000000000000000000b0c
  0000000000000000024e: 4e90f6766ec297610d586fce78ed61db5444ad9b4df75e1a972633ef287d8476000000000000000000000000000000000000000000000000000000000000003b3c
  "00000000000000000250": 50b7c6dd203adc5355bfe5d060ababdd39460456558e339601b9c9a737784362000000000000000000000000000000000000000000000000000000000000002d2e
  "00000000000000000253": 538d5be500ee2db5de7307b7e9d6612fcb47fe32c56ae2bc73881edf5fbcf02a000000000000000000000000000000000000000000000000000000000000003c3d
  0000000000000000025d: 5daa965d9688be0ac629916a9920e45910c13d1fe45d257a9e17217f226dfb4d000000000000000000000000000000000000000000000000000000000000000001
  "00000000000000000261": 0008000814edde22e1ef562219bf4a71cf106bf4726e82941e4f3b084076415cbad3938a006f5afc3e6dc29aedbe603d74887b3b273990e8950a24245df756e07aac36debe00
  "00000000000000000266": 667d2e8cd4a0af2e6da3c72bfcbfe7f5fabc7d55b3ceaf4e711768c50e8815f3000000000000000000000000000000000000000000000000000000000000001516
  0000000000000000026b: 6b61e415eddec631832ce8c8460e309d8c82a83bec459e4f7071927278504f91000000000000000000000000000000000000000000000000000000000000002324
  0000000000000000026d: 00002280be86cd225663b4ab0dde317ca90d9320c9bd579ae5ad076e24db5b06b29c308100c0553e18aa9bd8e355aa07643fa922947837e5b022ea6004a7b3d184c9e83ea1005debdc0aa871cc61248f25727f08ea066c54794a129a45d641862905bc7d184c00
  "00000000000000000273": 739401667f00bb45783a66db948ad16c363fd3d2d3410981f7eee017b0bcd40e000000000000000000000000000000000000000000000000000000000000005d5e
  "00000000000000000276": 76ff073c503940507c84952abe2a5dc979669a9d5f899b8dc39e29402eead5b1000000000000000000000000000000000000000000000000000000000000006061
  "00000000000000000278": 7882ef7e28ec6dd48bae91c8baa6b42acf156b853f13b0102a07fe119afdc85900000000000000000000000000000000000000000000000000000000000000494a
  0000000000000000027b: 7bc2334292a3193e2c609e55142bf1e6754c7e46f1f62bd0cfde915e4c738046000000000000000000000000000000000000000000000000000000000000002223
  0000000000000000027c: 7cabd5f57ff72670052939485c4533b01b26fd0e490c31bd48b5ac5002ff1f83000000000000000000000000000000000000000000000000000000000000000809
  0000000000000000027d: 7d7891ecc9bb460a728f3465182a34836d7c13a699d7281f12942e1b05df54f7000000000000000000000000000000000000000000000000000000000000005051
  0000000000000000027e: 7ed4dea78574266e019059e5b5fd6f94ed1632bd4a643d1c51aa02974def5684000000000000000000000000000000000000000000000000000000000000000203
  "00000000000000000286": 20800000c0932f2a6073a9eca8eb0da49704c7c687513e24fc966d600ed99f319cb045ae00b67650406df1f10c066cc882933392d7a54208f370cc2f10ae0d670a6307ea8d00
  0000000000000000028a: 08000200488e796bb624740872bf59642fb68ee488ae91796562ba4ae4d089ba6e1a90b2007c9f99ff846ea311f292d9bba6e445303df62b4a04d802d05e8f5837a3dd57df00
  0000000000000000028c: 8c9b1d5c0fb8fb158b0776377ffa8880f563ca8f2dba6ac9c0282061f0e4b8d7000000000000000000000000000000000000000000000000000000000000004344
  0000000000000000028d: 080080809cea9cc1ea8101edb669c5594fa5b1c1b66416d22aa6a213f20f15d7ccb8277100f4ea8138e0dfc3405aa03a8d442e03b9fb9ba8119c7aa098c968d0c27ec6f4b20029160dc02152bf42d8a98a8084f52e113fb25eee166188940d3c17706d0862e300
  "00000000000000000299": 993854c01b44c406823a701db21d4ee0062304d166079a5f5ec3fa7f21bf3f4c000000000000000000000000000000000000000000000000000000000000002e2f
  0000000000000000029b: 9b784065085e76ce2dac5be35cb692d66332143885060ee558a6ca0b1f872ec7000000000000000000000000000000000000000000000000000000000000004f50
  0000000000000000029c: 9cc5fbd71d06932a9e42f6f8851115087ea4a23457897560867296d80c265caf000000000000000000000000000000000000000000000000000000000000003f40
  000000000000000002a3: 00002002ffc2d020988321fce1b021e574ff0d0fbacd2a7998d5dad5f12c9b4e75adb001008b9e388af2ed6c3817876e99a7c8a44aac1fd15f9481417b9156f2f7695787b900
  000000000000000002a5: a58e3a77937b9b747f70d4aee9e84992d7955e52e2de71dc9615df3d16b2b816000000000000000000000000000000000000000000000000000000000000001213
  000000000000000002a7: 0808000003ebe5b11b41bbc577ead1079b311f97ccdd394402b844b4bd723e0c4d80f7e90071e7df8ad0b540826aa6c22fa036e2407056782f0055019280c8c0c67bd2892f00
  000000000000000002a8: 2000080087e04d358769f6fbe906e417881d9d17295473ab56e8a3fff2a249edbd98563f0053554d7a3422befbe896daf5b99bc3377848ab24b20e5c8294e0413ccb30b2a000
  000000000000000002aa: aaa8a54f5723158280ea3827ccd4a64c0d0ab07fb3abc52475d27ad316348148000000000000000000000000000000000000000000000000000000000000001e1f
  000000000000000002ab: ab314b8d202e718d011f9f90df81dd0a00dc4f2279da45121f6dec7257622776000000000000000000000000000000000000000000000000000000000000000e0f
  000000000000000002ac: 0000000465310de69224b385639289822a974666f7e4eb199aa05df226df68ef5b25d7bc00
  000000000000000002ad: 00020080414414de2ec7db49530dde20d8af4fd1f57c9e790b4bb2bf01cfd76a0273eada00d7539ae108cbe79f65ee94d130b604a5559b156d84f60364104656d9d0fff12500
  000000000000000002ae: aea2d525f437fc176d99f8e65af8b27ddac12bcc149be095a6c30ac3749f7982000000000000000000000000000000000000000000000000000000000000005a5b
  000000000000000002b0: b02a8338c2894881e5569427059a3c618686ef5f98c73ec1822450fdf7612375000000000000000000000000000000000000000000000000000000000000002f30
  000000000000000002b5: b506922e1b1fb773fb334744366dc4bf557e4a908dbc51c25e2103e7c374bbc3000000000000000000000000000000000000000000000000000000000000004d4e
  000000000000000002b7: b79bd507b4ba92ee5e910bfbd28c2f5b88a48e619f51a004c1ecf857c2a18b10000000000000000000000000000000000000000000000000000000000000001415
  000000000000000002b8: 00a0800087d6b76fd2ba20e1f1e442cd97b37aaf7dfd7261180c0cbb3023afd550c4cd700027466f56028103b3359a4d39bef4965b902ac94c4eec83e266844c14b12f0d8600f9d282c287055dcc1e82148d0a00e0603812d4213757f4334383de35a31ecb2e00
  000000000000000002b9: b96e7e15bcbf96c67b1f26fa5ba80089388fbefad39968132c0791cb313d0157000000000000000000000000000000000000000000000000000000000000000304
  000000000000000002ba: ba13bf69cc1ee96567ecd3a1242a15630082afa2b372cac60a745cbb1f5b8e33000000000000000000000000000000000000000000000000000000000000002c2d
  000000000000000002bb: bbd2fb6ed132cf2780a90802acaaa371de119dc89f636dbb647ccdff8b0dc056000000000000000000000000000000000000000000000000000000000000000c0d
  000000000000000002c4: c4d8915824cb07bfb16d1a2272012f6045056837afb324f6a4e6e53ff52bd872000000000000000000000000000000000000000000000000000000000000003435
  000000000000000002cd: cd50b1e1910f7ea71bed1ad5188f527e1d76f3d82c513078ef22aaa2d7abd721000000000000000000000000000000000000000000000000000000000000001819
  000000000000000002d3: d3420a358b3ded40f46594f783bee907d2e7109ca6f1f1abe5f77141f29ac351000000000000000000000000000000000000000000000000000000000000002a2b
  000000000000000002d9: d9fad8cf62adb784ff2c60efa757caf6f937b55faeff3c1ea22fc2af5c088192000000000000000000000000000000000000000000000000000000000000006162
  000000000000000002dd: dd55470824e0db2b94ea10ae29afd473f265bbe758854354b926846821fef91a000000000000000000000000000000000000000000000000000000000000000506
  000000000000000002de: de4e1001d11fc8809a62ee7461f6e9bbedc97b5bb2d80543d65ba593b48092e0000000000000000000000000000000000000000000000000000000000000005152
  000000000000000002df: df7976d04ae35bcab4da74358d675ac0f6400dde4a925d0b32f8aa3eeeb67e4e000000000000000000000000000000000000000000000000000000000000003637
  "000000000000000002e0": e0a775c0a3b4d8497be52ae5ba91ee5ee737377a8e5d39a996fe955d760fa0b900000000000000000000000000000000000000000000000000000000000000292a
  "000000000000000002e3": e348d88bcb000dc57a4dcb5dc2b14a6ec30daa915a0393160db338d22152bbfd000000000000000000000000000000000000000000000000000000000000005455
  "000000000000000002e8": 0000880090cb08d78769254944e7ae19a5a5fd247c672fdc2597eb7da85b992fe823579b00a25cb6872a820e7285a8510616ec0dee4705f703e3e7c0238cf226c9022a82cc00
  000000000000000002ea: 00002020cc2399dc8154b09963e9ffc1d50e8a0d6fff79598a85ff9532c8e0995020a82800065b267d9a6d3b874f0def0f745a58c3932a81213fcd81d92ab390fea0c0c56b00
  000000000000000002eb: ebdfe46967031db428c3b807c7f8d78f6a51e9ca5f0500ca6099d3d26b1d312a000000000000000000000000000000000000000000000000000000000000000f10
  000000000000000002ed: ed80da4ff7e3256ef4cd83ab2f896d087252fc75516c94758d2ca5debb18d0db000000000000000000000000000000000000000000000000000000000000004c4d
  000000000000000002ef: ef783cc720dbf74c747a155a8975b324d2f8fa80672969dc78fe6f12ea59d03f000000000000000000000000000000000000000000000000000000000000001011
  000000000000000002f6: f671a19743e44614a75595515fe6f6a91e11110fd42d02f79db1081731a84cee000000000000000000000000000000000000000000000000000000000000002829
  000000000000000002ff: ff9352b90a7d9d0e884ab87270318abe5430038c3ed4340505b9479578eb1d24000000000000000000000000000000000000000000000000000000000000004e4f
  "0000000000000000030730": 073abaa816fdba2d396d529cbabf1c42eaffee32cae656f1ce322b8b3f17c3b000000000000000000000000000000000000000000000000000000000000000191a
  "0000000000000000030790": 0791234b19dd7561af9360b1ebc97f65a3f8d1b240a34c8b6fd11307ff374480000000000000000000000000000000000000000000000000000000000000004b4c
  "0000000000000000031210": 121a1293f56198bb1639951b344a3ae26f5bca796569bb07d53ce98f4085bcbc000000000000000000000000000000000000000000000000000000000000000708
  "0000000000000000031230": 123563e27ba1384aa3f55eecff054af7ae82013d8aff477a215ce6ed4308f520000000000000000000000000000000000000000000000000000000000000003132
  0000000000000000032b00: 2b0340f963d83c228b9b42e15cb4f996e3df448f12fc09d571664a837c26288f000000000000000000000000000000000000000000000000000000000000002021
  0000000000000000032b50: 2b5ffd54bff018009f93f7cd782e8922b24520eb99a100efe2c1a4ae6c1ca3f5000000000000000000000000000000000000000000000000000000000000000a0b
  00000000000000000338c0: 38c51d81ef66cc228f31843f3037c67c22ab9e8146ef3cf2d9700aad39af977a000000000000000000000000000000000000000000000000000000000000001617
  "00000000000000000338e0": 38ec53adc1cd8bc9f788a5986f73d4e29e2d98945c0aa1d6727be9f8baba4337000000000000000000000000000000000000000000000000000000000000000d0e
  "0000000000000000036150": 6150d649f2f6bc1f982370f9e499f78820072f67d21587dcdea0aa4bdc5d9014000000000000000000000000000000000000000000000000000000000000002526
  00000000000000000361d0: 61da14f1b382b075a9b4a2a0af5e0dc14f9c03dbb1703ebb90bab219cfe06380000000000000000000000000000000000000000000000000000000000000002627
  0000000000000000036d80: 6d86d4318fb98cc110b20775c56bc60e02475d7da59d8ab4401d1de60189bc5c000000000000000000000000000000000000000000000000000000000000003d3e
  0000000000000000036da0: 6dae211b225b04054f3c65d7d03661ae78dd08fde6088e69a5990db990462d31000000000000000000000000000000000000000000000000000000000000004041
  0000000000000000036df0: 6dfea072e8e999ba0adb48fc1284af16cc1351d53e52b175f9dfe153602b4362000000000000000000000000000000000000000000000000000000000000001314
  "0000000000000000038620": 862de3989830d86223147fb4bb36a6ee24c746ba2c21df655a9a13bdb225f3d3000000000000000000000000000000000000000000000000000000000000001a1b
  "0000000000000000038670": 867adec54c040783a69d2879a72755930472f40d1ecf33873dbc36265d4d525700000000000000000000000000000000000000000000000000000000000000393a
  0000000000000000038a10: 8a1ac56f13862b23bb5f55abc7893523f043d2445763f8ae228f54d9320e88ca000000000000000000000000000000000000000000000000000000000000005c5d
  0000000000000000038a80: 8a8099e4b87e74e3cfe833d34cd2cf1433e1896cb10cf0c65bcb81552b4d4228000000000000000000000000000000000000000000000000000000000000004a4b
  0000000000000000038d10: 8d167523f396d223eeb89f29517bcf3945bb4501abbbe3e9f50b658943a3682f000000000000000000000000000000000000000000000000000000000000005657
  0000000000000000038db0: 8db7c3c96230880567683f6d694f60e93dbe9668102d02d912bd941f3b39277e000000000000000000000000000000000000000000000000000000000000005253
  0000000000000000038df0: 8df9d9825ad7803a228c527fdba081d2989f2243c6daf09e7fe024bf58c71463000000000000000000000000000000000000000000000000000000000000004142
  000000000000000003a3a0: a3a048afb0e546f247c8e0732d43bf449c7ebf42536f3011be6f3e95ce0b41b8000000000000000000000000000000000000000000000000000000000000005354
  000000000000000003a3c0: a3c987299980c3dba7f5485074902580726e734ccc1965fd22085093f49e2870000000000000000000000000000000000000000000000000000000000000004748
  000000000000000003a710: a71eb27daa7431f155db1033f395e5447ba0a60cbfe7acbbf8c83fedcf22fb94000000000000000000000000000000000000000000000000000000000000006263
  000000000000000003a750: a7583b82003b6105f50c3b7f828ea086fd3c52687dcb0f896c3b000673f56821000000000000000000000000000000000000000000000000000000000000002425
  000000000000000003a820: a823a3c6fba6d9a50a1adae67c4c450d2e913a97b51d7f46a74bce0e3056e0f7000000000000000000000000000000000000000000000000000000000000004546
  000000000000000003a890: a89238dc6535dfb74bf08cf2e968959ea8b13eea47d3cabe34ef7799121afa7d000000000000000000000000000000000000000000000000000000000000004647
  000000000000000003acd0: 20000002785e85e59292d5703b4f0b8a034020e2cf5c5ef81a0216511d1818d3e9b9211700b1d37ea9e90d7fd62225f5770dadc5abb1912f834a8767852489f810f2c03c6500
  000000000000000003ad40: ad4f9ab53865ddc3fb62f96640bd8fb8090140cf5ef08da9c5fac136addb7583000000000000000000000000000000000000000000000000000000000000004243
  000000000000000003adf0: adfd5f93a4dd9e6e15ec53472c56d3332e2e868c02082546b17d531199771a71000000000000000000000000000000000000000000000000000000000000003a3b
  000000000000000003b860: b868f09b21686a0fbe7bcbcf6ce49a5a9e9858bfbb289a5ca20545a8b7cfc7c0000000000000000000000000000000000000000000000000000000000000002728
  000000000000000003b870: b87edfa4a267b4a207b37e9ae1e9033d888047e5a2b1e0dbde6210fd8c084e41000000000000000000000000000000000000000000000000000000000000003536
  000000000000000003b8b0: b8b98bbe9d2e655974d6ee2908c4339a7a230dcb07495d3c18686ba90e22ea60000000000000000000000000000000000000000000000000000000000000003e3f
  "000000000000000003e890": e897d21eb486af47a9b5c02c2bef71d8259cdad9974d9e540bb6a2216654b897000000000000000000000000000000000000000000000000000000000000005b5c
  000000000000000003e8b0: e8b8b981f358516ba6e7b76e0007bdecf3e97873abe468fbef40110d8206c8d8000000000000000000000000000000000000000000000000000000000000000405
  000000000000000003eaa0: eaa40f6cdd316711961300a0f242fdc226f42d4740c381f05200092eaf70b841000000000000000000000000000000000000000000000000000000000000001112
  000000000000000003eae0: eaebef58158ee89e057f21356897256d0d826b952d4365e34e3baa40d2c5d79f000000000000000000000000000000000000000000000000000000000000003233
  000000000000000004acd2: acd2fb2bb0f3ea32a814510346d6ce302e5bd2d1ff044885e5b1e28067430205000000000000000000000000000000000000000000000000000000000000005859
  000000000000000004acdc: acdc7c9b2039be1da3751be33610ae9ae4bc9f9e5bf3d587e72a16d329114412000000000000000000000000000000000000000000000000000000000000004849
stale_keys: {}

