---
source: lib/zk_os_merkle_tree/src/tests/mod.rs
assertion_line: 568
expression: "DatabaseSnapshot::new(&raw_db)"
snapshot_kind: text
---
key_indices:
  "0000000000000000000000000000000000000000000000000000000000000000": "0000"
  ffffffffffffffffffffffffffffffffffffffffffffffffffffffffffffffff: "0100"
tree:
  "00": 01040c61726368697465637475726515416d6f7274697a65644c696e6b65644c6973744d5405646570746802363413696e7465726e616c5f6e6f64655f64657074680133066861736865720a426c616b653273323536
  "0000000000000000000000000000000000": 0201938f5b01b3a7a726c3cae1d6a8fa02c417acfb214ef777122d80c91bb2346f1600
  "0000000000000000010000000000000000": 014776de08dc405b3d0adefa220fb2e31e3936186259a398cca0e135b7c1214b7700
  "0000000000000000020000000000000000": 01c2067336884a28718da7778409c2e641e34aaf49521080352554de75e158f3dd00
  "0000000000000000030000000000000000": 019eae654ced1cd588db387041e9d9e43aa0feacd201180fc2330736b34de4b68e00
  "0000000000000000040000000000000000": 0164dd1a8d53159a35b7adfff05887866beb5afc36e2a5f298accf92498fcb999800
  "0000000000000000050000000000000000": 0156a72ec447f88dc0f6ec19f7ba1775d165b89a9aacaf7c2639fcc2ca42eed67b00
  "0000000000000000060000000000000000": 01509051fff24660cf0bf8d33991d14aa0b5cd63e0185df9eb204fe97abb0076dc00
  "0000000000000000070000000000000000": 0156397510472c4d7e29753641dab3984db03c2614f2370c984f91be4a4e6070e700
  "0000000000000000080000000000000000": 0137316d139205d8bd8ecbfd46e0a259906c06d98fca1c0add3f546d085541668300
  "0000000000000000090000000000000000": 01b62b644eb0f450a371d9eb0bdf926faf37f04c8715d3e99450c7adb04ce0573a00
  00000000000000000a0000000000000000: 0159f023bfcdcdba9a61522373cfbb85c8a050321bf4d56fc9ab3fbf42e1da0c9200
  00000000000000000b0000000000000000: 012c1c98d6dfb899b0a1dba3e2c5a685aac1c35db321cacde19c8383c47fed55d900
  00000000000000000c0000000000000000: 01cc857c3f0d2a6be4c802008fa02987d9b5f6daf0be07379a2bb081ee62c67de000
  00000000000000000d0000000000000000: 0158ec797a5cf18fa3ca05ddcb0a99367895267409b588e1e3c3cca575ac96ae0c00
  "00000000000000000e0000000000000000": 01e5d20faefe381a2ac6e9e7522a09110d6bb5931fc7b3444a46a66d2c9d178b1c00
  00000000000000000f0000000000000000: 019d14ea86a730e0f56dc245b0d41dd0ef712c8b1fddaa70e448e138aaab13df8700
  "0000000000000000100000000000000000": 01731dbf356d69527982119fc8fde3f3b390fcec780bb2743fbaabe1363edb7abf00
  "0000000000000000110000000000000000": 0171214b4267d4653f2ebacb33a0b65e8d7a7124b5b441172dc0145ff8febdcbe900
  "0000000000000000120000000000000000": 01531e068e2372a76f996f2ec50bea60644c0b5c0787b3213b7c585fd3e1a0b8b300
  "0000000000000000130000000000000000": 01e00618e75c188929ee70696fdd1d81d9f3b16d18087b0b537875726bd5d6afe500
  "0000000000000000140000000000000000": 012d1be5bf220c96041c8adf2c17e5c62314166e512270e8c69947584dc954bc6900
  "0000000000000000150000000000000000": 029903897e51baa96a5ea51b4c194d3e0c6bcf20947cce9fd646dfb4bf754c8d2800b35299e7564e05e335094c02064bccf83d58745b417874b1fee3f523ec2007a900
  "0000000000000000160000000000000000": "0000000000000000000000000000000000000000000000000000000000000000000000000000000000000000000000000000000000000000000000000000000001"
  "0000000000000000160000000000000001": ffffffffffffffffffffffffffffffffffffffffffffffffffffffffffffffff000000000000000000000000000000000000000000000000000000000000000001
